../Drivers/STM32WLxx_HAL_Driver/Inc/stm32wlxx_ll_bus.h:287:22:LL_AHB1_GRP1_EnableClock	24	static
../Drivers/STM32WLxx_HAL_Driver/Inc/stm32wlxx_ll_bus.h:449:22:LL_AHB2_GRP1_EnableClock	24	static
../Core/Src/main.c:69:5:main	8	static
../Core/Src/main.c:122:6:SystemClock_Config	112	static
../Core/Src/main.c:165:13:MX_USART2_UART_Init	8	static
../Core/Src/main.c:211:13:MX_DMA_Init	8	static
../Core/Src/main.c:233:13:MX_GPIO_Init	32	static
../Core/Src/main.c:260:6:HAL_UART_RxCpltCallback	16	static
../Core/Src/main.c:274:6:Error_Handler	4	static,ignoring_inline_asm
